<area shape="rect" href="$about__dialog_8cpp.html" title="about_dialog.cpp" alt="" coords="5,80,125,107">
<area shape="rect" href="$application_8cpp.html" title="application.cpp" alt="" coords="149,80,256,107">
<area shape="rect" href="$feed__panel_8cpp.html" title="feed_panel.cpp" alt="" coords="280,80,387,107">
<area shape="rect" href="$filtered__iterator_8cpp.html" title="filtered_iterator.cpp" alt="" coords="411,80,541,107">
<area shape="rect" href="$http__client_8cpp.html" title="http_client.cpp" alt="" coords="565,80,672,107">
<area shape="rect" href="$image__preview__dialog_8cpp.html" title="image_preview_dialog.cpp" alt="" coords="696,80,867,107">
<area shape="rect" href="$login__panel_8cpp.html" title="login_panel.cpp" alt="" coords="891,80,1003,107">
<area shape="rect" href="$main__panel_8cpp.html" title="main_panel.cpp" alt="" coords="1027,80,1139,107">
<area shape="rect" href="$main__window_8cpp.html" title="main_window.cpp" alt="" coords="1163,80,1285,107">
<area shape="rect" href="$options__dialog_8cpp.html" title="options_dialog.cpp" alt="" coords="1309,80,1437,107">
<area shape="rect" href="$settings_8cpp.html" title="settings.cpp" alt="" coords="1461,80,1552,107">
<area shape="rect" href="$static__url__text_8cpp.html" title="static_url_text.cpp" alt="" coords="1576,80,1704,107">
<area shape="rect" href="$tray__icon_8cpp.html" title="tray_icon.cpp" alt="" coords="1728,80,1827,107">
<area shape="rect" href="$twitter__user_8cpp.html" title="twitter_user.cpp" alt="" coords="1851,80,1963,107">
<area shape="rect" href="$twitter__feed__serializer_8cpp.html" title="twitter_feed_serializer.cpp" alt="" coords="1987,80,2157,107">
