<area shape="rect" href="$class_twitter.html#5a7e75a6d80c60e21b56f9f58006d20b" title="Returns a feed by the resource name." alt="" coords="316,6,433,32">
<area shape="rect" href="$class_twitter_feed.html#5cc16ae4053df0fbd4641b85723be242" title="Returns the collection of TwitterStatus objects that this feed represents." alt="" coords="291,56,459,83">
<area shape="rect" href="$class_feed_panel.html#11e7a7a6395a5c115b3ee1237c1f9ecc" title="Creates a tray notification (MainWindow::TrayNotification) with the proper information..." alt="" coords="279,107,471,134">
<area shape="rect" href="$class_twitter_user.html#caab726e4742bda7eba646e5821dee03" title="Returns the user&#39;s full name." alt="" coords="541,31,691,58">
<area shape="rect" href="$class_twitter_user.html#1ac1b4e3e7d6df10fbea79ae7fb637b8" title="Returns the user&#39;s short name or screen name." alt="" coords="521,82,711,108">
<area shape="rect" href="$class_twitter_status.html#fad89e41ad3b6ee2a415de260e137e61" title="Returns the text in the status update." alt="" coords="540,132,692,159">
<area shape="rect" href="$class_twitter_status.html#7ef3a3d6acae9e3494f23f633f87b555" title="Returns the user associated with this posting." alt="" coords="540,183,692,210">
