<area shape="rect" href="$class_twitter_feed.html#b5d8120e7112b9db5d7b5e5c2dbd40e8" title="The thread callback to periodically refresh the feed." alt="" coords="180,132,319,159">
<area shape="rect" href="$class_twitter_feed.html#55fea9a2f75809fffae39880320d110f" title="Adds a status item to the collection." alt="" coords="417,6,575,32">
<area shape="rect" href="$class_http_client.html#8046fe4e7e8eb25e1fccede3b6ae3227" title="Same as Get but parses the output as an XML document and returns that instead." alt="" coords="432,56,560,83">
<area shape="rect" href="$class_twitter.html#f5b4fa6d64225a541e08a1140daf479a" title="Notifies all registered listeners for a specific resource." alt="" coords="420,107,572,134">
<area shape="rect" href="$class_twitter.html#cda9e9caa4d17df1ee448fce5249d92e" title="Whether or not the specific resource URL is public or if it requires user authentication..." alt="" coords="368,158,624,184">
<area shape="rect" href="$class_twitter_feed.html#f09e2c8714d82c9560aded108ffa92be" title="Flushes the feed to disk using Serializer&lt;wxString,TwitterFeed&gt;." alt="" coords="435,208,557,235">
<area shape="rect" href="$class_twitter.html#c8add0ab8a6081f53fb5c00f7bc2b8a6" title="Helper method to set the authentication information on an HttpClient object." alt="" coords="439,259,553,286">
<area shape="rect" href="$class_twitter_status.html#3ae64fa4247619c92c2be9bcdbb99bd4" title="Returns the unique identifier of the status item." alt="" coords="707,6,843,32">
<area shape="rect" href="$class_http_client.html#7e4b23e94cced8ca24c037349afd35da" title="Gets the input stream after setting up the connection." alt="" coords="673,56,876,83">
