<area shape="rect" href="$feed__panel_8h.html" title="feed_panel.h" alt="" coords="649,80,743,107">
<area shape="rect" href="$twitter__status_8h.html" title="twitter/twitter_status.h" alt="" coords="896,230,1045,256">
<area shape="rect" href="$application_8h.html" title="application.h" alt="" coords="1264,155,1357,182">
<area shape="rect" href="$twitter__feed_8h.html" title="twitter/twitter_feed.h" alt="" coords="5,155,141,182">
<area shape="rect" href="$twitter__user_8h.html" title="twitter/twitter_user.h" alt="" coords="1171,80,1309,107">
<area shape="rect" href="$thread__callback_8h.html" title="thread_callback.h" alt="" coords="973,80,1096,107">
<area shape="rect" href="$twitter_8h.html" title="twitter/twitter.h" alt="" coords="567,230,673,256">
<area shape="rect" href="$twitter__update__listener_8h.html" title="twitter/twitter_update_listener.h" alt="" coords="683,155,883,182">
<area shape="rect" href="$filtered__iterator_8h.html" title="filtered_iterator.h" alt="" coords="216,155,333,182">
<area shape="rect" href="$main__window_8h.html" title="main_window.h" alt="" coords="1221,230,1331,256">
<area shape="rect" href="$settings_8h.html" title="settings.h" alt="" coords="1355,230,1432,256">
<area shape="rect" href="$tray__icon_8h.html" title="tray_icon.h" alt="" coords="1233,304,1319,331">
<area shape="rect" href="$twitter__feed__serializer_8h.html" title="twitter_feed_serializer.h" alt="" coords="337,230,495,256">
<area shape="rect" href="$serializer_8h.html" title="serializer.h" alt="" coords="375,304,457,331">
