<area shape="rect" href="$main__window_8h.html" title="main_window.h" alt="" coords="981,155,1091,182">
<area shape="rect" href="$login__panel_8h.html" title="login_panel.h" alt="" coords="1165,304,1261,331">
<area shape="rect" href="$feed__panel_8h.html" title="feed_panel.h" alt="" coords="433,155,527,182">
<area shape="rect" href="$main__panel_8h.html" title="main_panel.h" alt="" coords="756,80,855,107">
<area shape="rect" href="$application_8h.html" title="application.h" alt="" coords="1073,80,1167,107">
<area shape="rect" href="$options__dialog_8h.html" title="options_dialog.h" alt="" coords="1241,80,1356,107">
<area shape="rect" href="$about__dialog_8h.html" title="about_dialog.h" alt="" coords="887,80,991,107">
<area shape="rect" href="$tray__icon_8h.html" title="tray_icon.h" alt="" coords="997,230,1083,256">
<area shape="rect" href="$twitter_8h.html" title="twitter/twitter.h" alt="" coords="285,304,392,331">
<area shape="rect" href="$twitter__update__listener_8h.html" title="twitter/twitter_update_listener.h" alt="" coords="243,230,443,256">
<area shape="rect" href="$filtered__iterator_8h.html" title="filtered_iterator.h" alt="" coords="51,230,168,256">
<area shape="rect" href="$twitter__status_8h.html" title="twitter/twitter_status.h" alt="" coords="112,304,261,331">
<area shape="rect" href="$status__text__ctrl_8h.html" title="status_text_ctrl.h" alt="" coords="747,304,869,331">
<area shape="rect" href="$settings_8h.html" title="settings.h" alt="" coords="1260,155,1337,182">
