<area shape="rect" href="$application_8h.html" title="application.h" alt="" coords="1036,80,1129,107">
<area shape="rect" href="$application_8cpp.html" title="application.cpp" alt="" coords="5,155,112,182">
<area shape="rect" href="$main__window_8cpp.html" title="main_window.cpp" alt="" coords="2035,155,2157,182">
<area shape="rect" href="$about__dialog_8cpp.html" title="about_dialog.cpp" alt="" coords="136,155,256,182">
<area shape="rect" href="$feed__panel_8cpp.html" title="feed_panel.cpp" alt="" coords="280,155,387,182">
<area shape="rect" href="$filtered__iterator_8cpp.html" title="filtered_iterator.cpp" alt="" coords="411,155,541,182">
<area shape="rect" href="$http__client_8cpp.html" title="http_client.cpp" alt="" coords="565,155,672,182">
<area shape="rect" href="$image__preview__dialog_8cpp.html" title="image_preview_dialog.cpp" alt="" coords="696,155,867,182">
<area shape="rect" href="$login__panel_8cpp.html" title="login_panel.cpp" alt="" coords="891,155,1003,182">
<area shape="rect" href="$main__panel_8cpp.html" title="main_panel.cpp" alt="" coords="1027,155,1139,182">
<area shape="rect" href="$options__dialog_8cpp.html" title="options_dialog.cpp" alt="" coords="1163,155,1291,182">
<area shape="rect" href="$settings_8cpp.html" title="settings.cpp" alt="" coords="1315,155,1405,182">
<area shape="rect" href="$static__url__text_8cpp.html" title="static_url_text.cpp" alt="" coords="1429,155,1557,182">
<area shape="rect" href="$tray__icon_8cpp.html" title="tray_icon.cpp" alt="" coords="1581,155,1680,182">
<area shape="rect" href="$twitter__user_8cpp.html" title="twitter_user.cpp" alt="" coords="1704,155,1816,182">
<area shape="rect" href="$twitter__feed__serializer_8cpp.html" title="twitter_feed_serializer.cpp" alt="" coords="1840,155,2011,182">
