<area shape="rect" href="$application_8h.html" title="application.h" alt="" coords="1104,80,1197,107">
<area shape="rect" href="$login__panel_8cpp.html" title="login_panel.cpp" alt="" coords="5,155,117,182">
<area shape="rect" href="$settings_8cpp.html" title="settings.cpp" alt="" coords="2067,155,2157,182">
<area shape="rect" href="$options__dialog_8h.html" title="options_dialog.h" alt="" coords="1775,80,1889,107">
<area shape="rect" href="$about__dialog_8cpp.html" title="about_dialog.cpp" alt="" coords="1624,155,1744,182">
<area shape="rect" href="$application_8cpp.html" title="application.cpp" alt="" coords="141,155,248,182">
<area shape="rect" href="$feed__panel_8cpp.html" title="feed_panel.cpp" alt="" coords="272,155,379,182">
<area shape="rect" href="$filtered__iterator_8cpp.html" title="filtered_iterator.cpp" alt="" coords="403,155,533,182">
<area shape="rect" href="$http__client_8cpp.html" title="http_client.cpp" alt="" coords="557,155,664,182">
<area shape="rect" href="$image__preview__dialog_8cpp.html" title="image_preview_dialog.cpp" alt="" coords="688,155,859,182">
<area shape="rect" href="$main__panel_8cpp.html" title="main_panel.cpp" alt="" coords="883,155,995,182">
<area shape="rect" href="$main__window_8cpp.html" title="main_window.cpp" alt="" coords="1920,155,2043,182">
<area shape="rect" href="$options__dialog_8cpp.html" title="options_dialog.cpp" alt="" coords="1768,155,1896,182">
<area shape="rect" href="$static__url__text_8cpp.html" title="static_url_text.cpp" alt="" coords="1019,155,1147,182">
<area shape="rect" href="$tray__icon_8cpp.html" title="tray_icon.cpp" alt="" coords="1171,155,1269,182">
<area shape="rect" href="$twitter__user_8cpp.html" title="twitter_user.cpp" alt="" coords="1293,155,1405,182">
<area shape="rect" href="$twitter__feed__serializer_8cpp.html" title="twitter_feed_serializer.cpp" alt="" coords="1429,155,1600,182">
