<area shape="rect" href="$main__window_8h.html" title="main_window.h" alt="" coords="685,80,795,106">
<area shape="rect" href="$tray__icon_8cpp.html" title="tray_icon.cpp" alt="" coords="2059,229,2157,256">
<area shape="rect" href="$application_8h.html" title="application.h" alt="" coords="911,154,1004,181">
<area shape="rect" href="$application_8cpp.html" title="application.cpp" alt="" coords="152,229,259,256">
<area shape="rect" href="$main__window_8cpp.html" title="main_window.cpp" alt="" coords="5,229,128,256">
<area shape="rect" href="$about__dialog_8cpp.html" title="about_dialog.cpp" alt="" coords="1304,229,1424,256">
<area shape="rect" href="$feed__panel_8cpp.html" title="feed_panel.cpp" alt="" coords="1448,229,1555,256">
<area shape="rect" href="$filtered__iterator_8cpp.html" title="filtered_iterator.cpp" alt="" coords="1579,229,1709,256">
<area shape="rect" href="$http__client_8cpp.html" title="http_client.cpp" alt="" coords="1733,229,1840,256">
<area shape="rect" href="$image__preview__dialog_8cpp.html" title="image_preview_dialog.cpp" alt="" coords="1864,229,2035,256">
<area shape="rect" href="$login__panel_8cpp.html" title="login_panel.cpp" alt="" coords="283,229,395,256">
<area shape="rect" href="$main__panel_8cpp.html" title="main_panel.cpp" alt="" coords="419,229,531,256">
<area shape="rect" href="$options__dialog_8cpp.html" title="options_dialog.cpp" alt="" coords="555,229,683,256">
<area shape="rect" href="$settings_8cpp.html" title="settings.cpp" alt="" coords="707,229,797,256">
<area shape="rect" href="$static__url__text_8cpp.html" title="static_url_text.cpp" alt="" coords="821,229,949,256">
<area shape="rect" href="$twitter__user_8cpp.html" title="twitter_user.cpp" alt="" coords="973,229,1085,256">
<area shape="rect" href="$twitter__feed__serializer_8cpp.html" title="twitter_feed_serializer.cpp" alt="" coords="1109,229,1280,256">
