<area shape="rect" href="$feed__panel_8h.html" title="feed_panel.h" alt="" coords="156,155,249,181">
<area shape="rect" href="$twitter__update__listener_8h.html" title="twitter_update_listener.h" alt="" coords="236,80,399,107">
<area shape="rect" href="$twitter_8cpp.html" title="twitter.cpp" alt="" coords="336,155,416,181">
<area shape="rect" href="$application_8cpp.html" title="application.cpp" alt="" coords="473,80,580,107">
<area shape="rect" href="$filtered__iterator_8cpp.html" title="filtered_iterator.cpp" alt="" coords="604,80,735,107">
<area shape="rect" href="$image__preview__dialog_8cpp.html" title="image_preview_dialog.cpp" alt="" coords="759,80,929,107">
<area shape="rect" href="$login__panel_8cpp.html" title="login_panel.cpp" alt="" coords="953,80,1065,107">
<area shape="rect" href="$twitter__feed_8cpp.html" title="twitter_feed.cpp" alt="" coords="1089,80,1201,107">
<area shape="rect" href="$twitter__status_8cpp.html" title="twitter_status.cpp" alt="" coords="1225,80,1348,107">
<area shape="rect" href="$twitter__feed__serializer_8cpp.html" title="twitter_feed_serializer.cpp" alt="" coords="1372,80,1543,107">
<area shape="rect" href="$main__panel_8h.html" title="main_panel.h" alt="" coords="67,229,165,256">
<area shape="rect" href="$main__window_8cpp.html" title="main_window.cpp" alt="" coords="141,304,264,331">
<area shape="rect" href="$feed__panel_8cpp.html" title="feed_panel.cpp" alt="" coords="240,229,347,256">
<area shape="rect" href="$main__panel_8cpp.html" title="main_panel.cpp" alt="" coords="5,304,117,331">
