<area shape="rect" href="$twitter__status_8h.html" title="twitter/twitter_status.h" alt="" coords="488,154,637,181">
<area shape="rect" href="$twitter__update__listener_8h.html" title="twitter/twitter_update_listener.h" alt="" coords="595,80,795,106">
<area shape="rect" href="$twitter_8h.html" title="twitter.h" alt="" coords="763,154,829,181">
<area shape="rect" href="$twitter__feed_8h.html" title="twitter/twitter_feed.h" alt="" coords="869,80,1005,106">
<area shape="rect" href="$twitter__user_8h.html" title="twitter/twitter_user.h" alt="" coords="1029,80,1168,106">
<area shape="rect" href="$thread__callback_8h.html" title="thread_callback.h" alt="" coords="448,80,571,106">
<area shape="rect" href="$http__client_8h.html" title="http/http_client.h" alt="" coords="256,80,373,106">
<area shape="rect" href="$twitter__feed__serializer_8h.html" title="twitter_feed_serializer.h" alt="" coords="905,154,1063,181">
<area shape="rect" href="$serializer_8h.html" title="serializer.h" alt="" coords="943,229,1025,256">
