<area shape="rect" href="$filtered__iterator_8h.html" title="filtered_iterator.h" alt="" coords="143,80,260,107">
<area shape="rect" href="$feed__panel_8cpp.html" title="feed_panel.cpp" alt="" coords="307,229,413,256">
<area shape="rect" href="$twitter_8cpp.html" title="twitter.cpp" alt="" coords="397,80,477,107">
<area shape="rect" href="$twitter__feed_8cpp.html" title="twitter_feed.cpp" alt="" coords="501,80,613,107">
<area shape="rect" href="$twitter__status_8cpp.html" title="twitter_status.cpp" alt="" coords="637,80,760,107">
<area shape="rect" href="$twitter__feed__serializer_8cpp.html" title="twitter_feed_serializer.cpp" alt="" coords="784,80,955,107">
<area shape="rect" href="$feed__panel_8h.html" title="feed_panel.h" alt="" coords="229,155,323,181">
<area shape="rect" href="$main__panel_8cpp.html" title="main_panel.cpp" alt="" coords="5,304,117,331">
<area shape="rect" href="$filtered__iterator_8cpp.html" title="filtered_iterator.cpp" alt="" coords="75,155,205,181">
<area shape="rect" href="$main__panel_8h.html" title="main_panel.h" alt="" coords="133,229,232,256">
<area shape="rect" href="$main__window_8cpp.html" title="main_window.cpp" alt="" coords="164,304,287,331">
