<area shape="rect" href="$application_8h.html" title="application.h" alt="" coords="320,80,413,107">
<area shape="rect" href="$twitter_8h.html" title="twitter/twitter.h" alt="" coords="616,80,723,107">
<area shape="rect" href="$twitter__feed_8h.html" title="twitter/twitter_feed.h" alt="" coords="747,80,883,107">
<area shape="rect" href="$twitter__feed__serializer_8h.html" title="twitter_feed_serializer.h" alt="" coords="861,155,1019,181">
<area shape="rect" href="$twitter__status_8h.html" title="twitter/twitter_status.h" alt="" coords="488,155,637,181">
<area shape="rect" href="$twitter__user_8h.html" title="twitter/twitter_user.h" alt="" coords="957,80,1096,107">
<area shape="rect" href="$main__window_8h.html" title="main_window.h" alt="" coords="253,155,363,181">
<area shape="rect" href="$settings_8h.html" title="settings.h" alt="" coords="152,155,229,181">
<area shape="rect" href="$tray__icon_8h.html" title="tray_icon.h" alt="" coords="265,229,351,256">
<area shape="rect" href="$serializer_8h.html" title="serializer.h" alt="" coords="899,229,981,256">
